Proof-Carrying Data Analyst Web Server active on http://localhost:8080 (host=0.0.0.0)
[06/Oct/2026 23:37:31] "GET / HTTP/1.1" 200 -
[06/Oct/2026 23:37:31] "GET / HTTP/1.1" 200 -
[06/Oct/2026 23:37:31] "GET / HTTP/1.1" 200 -
[06/Oct/2026 23:37:33] "GET /api/profile HTTP/1.1" 200 -
Proof-Carrying Data Analyst Web Server active on http://localhost:8080 (host=0.0.0.0)
[06/Oct/2026 23:41:29] "GET / HTTP/1.1" 200 -
[06/Oct/2026 23:41:29] "GET /app.js HTTP/1.1" 200 -
[06/Oct/2026 23:41:30] "GET /api/profile HTTP/1.1" 200 -
[06/Oct/2026 23:41:30] "GET /favicon.ico HTTP/1.1" 404 -
[06/Oct/2026 23:41:34] "POST /api/ask HTTP/1.1" 200 -
[06/Oct/2026 23:41:43] "POST /api/ask HTTP/1.1" 200 -
[06/Oct/2026 23:41:54] "GET / HTTP/1.1" 200 -
[06/Oct/2026 23:41:54] "GET /app.js HTTP/1.1" 200 -
[06/Oct/2026 23:41:55] "GET /api/profile HTTP/1.1" 200 -
[06/Oct/2026 23:41:55] "GET /favicon.ico HTTP/1.1" 404 -
Proof-Carrying Data Analyst Web Server active on http://localhost:8080 (host=0.0.0.0)
[06/Oct/2026 23:43:33] "GET / HTTP/1.1" 200 -
[06/Oct/2026 23:43:33] "GET /app.js HTTP/1.1" 200 -
[06/Oct/2026 23:43:33] "GET /api/profile HTTP/1.1" 200 -
[06/Oct/2026 23:44:32] "GET / HTTP/1.1" 200 -
[06/Oct/2026 23:44:32] "GET /app.js HTTP/1.1" 200 -
[06/Oct/2026 23:44:33] "GET /api/profile HTTP/1.1" 200 -
[06/Oct/2026 23:44:33] "GET /favicon.ico HTTP/1.1" 404 -
[06/Oct/2026 23:44:40] "GET / HTTP/1.1" 200 -
[06/Oct/2026 23:44:40] "GET /app.js HTTP/1.1" 200 -
[06/Oct/2026 23:44:40] "GET /api/profile HTTP/1.1" 200 -
[06/Oct/2026 23:44:41] "GET / HTTP/1.1" 200 -
[06/Oct/2026 23:44:42] "GET /app.js HTTP/1.1" 200 -
[06/Oct/2026 23:44:42] "GET /api/profile HTTP/1.1" 200 -
[06/Oct/2026 23:44:42] "GET / HTTP/1.1" 200 -
[06/Oct/2026 23:44:43] "GET /app.js HTTP/1.1" 200 -
[06/Oct/2026 23:44:43] "GET /api/profile HTTP/1.1" 200 -
Proof-Carrying Data Analyst Web Server active on http://localhost:8080 (host=0.0.0.0)
[06/Oct/2026 23:48:01] "GET /api/profile HTTP/1.1" 200 -
[06/Oct/2026 23:48:44] "POST /api/ask HTTP/1.1" 200 -
[06/Oct/2026 23:50:41] "GET / HTTP/1.1" 200 -
[06/Oct/2026 23:50:41] "GET /app.js HTTP/1.1" 200 -
[06/Oct/2026 23:50:42] "GET /api/profile HTTP/1.1" 200 -
Proof-Carrying Data Analyst Web Server active on http://localhost:8080 (host=0.0.0.0)
[06/Oct/2026 23:53:38] "GET / HTTP/1.1" 200 -
[06/Oct/2026 23:53:38] "GET /app.js HTTP/1.1" 200 -
[06/Oct/2026 23:53:38] "GET /api/profile HTTP/1.1" 200 -
[06/Oct/2026 23:53:55] "POST /api/ask HTTP/1.1" 200 -
Proof-Carrying Data Analyst Web Server active on http://localhost:8080 (host=0.0.0.0)
[07/Oct/2026 09:24:03] "GET / HTTP/1.1" 200 -
[07/Oct/2026 09:24:04] "GET /app.js HTTP/1.1" 200 -
[07/Oct/2026 09:24:04] "GET /api/profile HTTP/1.1" 200 -
[07/Oct/2026 09:24:30] "POST /api/ask HTTP/1.1" 200 -
[07/Oct/2026 09:24:54] "POST /api/ask HTTP/1.1" 200 -
[07/Oct/2026 09:24:59] "POST /api/ask HTTP/1.1" 200 -
Proof-Carrying Data Analyst Web Server active on http://localhost:8080 (host=0.0.0.0)
[07/Oct/2026 10:44:29] "GET / HTTP/1.1" 200 -
[07/Oct/2026 10:44:29] "GET /app.js HTTP/1.1" 200 -
[07/Oct/2026 10:44:29] "GET /api/profile HTTP/1.1" 200 -
[07/Oct/2026 10:44:58] "POST /api/ask HTTP/1.1" 200 -
[07/Oct/2026 10:45:10] "POST /api/verify HTTP/1.1" 200 -
[07/Oct/2026 10:45:45] "GET /api/benchmark HTTP/1.1" 200 -
[07/Oct/2026 10:48:07] "POST /api/ask HTTP/1.1" 200 -
[07/Oct/2026 10:48:12] "POST /api/ask HTTP/1.1" 200 -
Proof-Carrying Data Analyst Web Server active on http://localhost:8080 (host=0.0.0.0)
[07/Oct/2026 11:10:36] "POST /api/ask HTTP/1.1" 200 -
[07/Oct/2026 11:11:09] "POST /api/chat HTTP/1.1" 200 -
[07/Oct/2026 11:12:30] "POST /api/chat HTTP/1.1" 200 -
[07/Oct/2026 11:13:07] "POST /api/chat HTTP/1.1" 500 -
[07/Oct/2026 11:14:58] "GET /api/benchmark HTTP/1.1" 200 -
[07/Oct/2026 11:19:45] "POST /api/chat HTTP/1.1" 200 -
[07/Oct/2026 11:19:46] "POST /api/chat HTTP/1.1" 200 -
[07/Oct/2026 11:19:46] "POST /api/chat HTTP/1.1" 500 -
Proof-Carrying Data Analyst Web Server active on http://localhost:8080 (host=0.0.0.0)
[07/Oct/2026 11:21:38] "POST /api/chat HTTP/1.1" 200 -
[07/Oct/2026 11:21:39] "POST /api/chat HTTP/1.1" 200 -
[07/Oct/2026 11:21:39] "POST /api/chat HTTP/1.1" 200 -
Proof-Carrying Data Analyst Web Server active on http://localhost:8080 (host=0.0.0.0)
[07/Oct/2026 11:26:28] "GET / HTTP/1.1" 200 -
[07/Oct/2026 11:26:29] "GET /app.js HTTP/1.1" 200 -
[07/Oct/2026 11:26:33] "GET /api/profile HTTP/1.1" 200 -
[07/Oct/2026 11:26:58] "POST /api/chat HTTP/1.1" 200 -
Proof-Carrying Data Analyst Web Server active on http://localhost:8080 (host=0.0.0.0)
[07/Oct/2026 12:02:11] "POST /api/upload HTTP/1.1" 200 -
[07/Oct/2026 12:02:11] "POST /api/chat HTTP/1.1" 200 -
Proof-Carrying Data Analyst Web Server active on http://localhost:8080 (host=0.0.0.0)
[07/Oct/2026 12:09:02] "POST /api/upload HTTP/1.1" 200 -
[07/Oct/2026 12:09:02] "POST /api/chat HTTP/1.1" 500 -
Proof-Carrying Data Analyst Web Server active on http://localhost:8080 (host=0.0.0.0)
Proof-Carrying Data Analyst Web Server active on http://localhost:8080 (host=0.0.0.0)
[07/Oct/2026 12:21:14] "GET / HTTP/1.1" 200 -
[07/Oct/2026 12:21:14] "GET /app.js HTTP/1.1" 200 -
[07/Oct/2026 12:21:21] "GET /api/profile HTTP/1.1" 200 -
[07/Oct/2026 12:22:22] "POST /api/upload HTTP/1.1" 200 -
[07/Oct/2026 12:22:22] "GET /api/profile HTTP/1.1" 200 -
[07/Oct/2026 12:22:44] "POST /api/chat HTTP/1.1" 200 -
[07/Oct/2026 12:23:07] "GET / HTTP/1.1" 200 -
[07/Oct/2026 12:23:07] "GET /app.js HTTP/1.1" 200 -
[07/Oct/2026 12:23:08] "GET /api/profile HTTP/1.1" 200 -
[07/Oct/2026 12:23:08] "GET /favicon.ico HTTP/1.1" 404 -
[07/Oct/2026 12:23:38] "POST /api/upload HTTP/1.1" 200 -
[07/Oct/2026 12:23:38] "GET /api/profile HTTP/1.1" 200 -
[07/Oct/2026 12:24:02] "POST /api/chat HTTP/1.1" 200 -
[07/Oct/2026 12:24:47] "POST /api/chat HTTP/1.1" 200 -
[07/Oct/2026 12:24:51] "POST /api/chat HTTP/1.1" 200 -
[07/Oct/2026 12:24:54] "POST /api/chat HTTP/1.1" 200 -
[07/Oct/2026 12:24:57] "POST /api/chat HTTP/1.1" 200 -
[07/Oct/2026 12:24:58] "POST /api/chat HTTP/1.1" 200 -
[07/Oct/2026 12:24:59] "POST /api/chat HTTP/1.1" 200 -
[07/Oct/2026 12:28:56] "POST /api/chat HTTP/1.1" 200 -
Proof-Carrying Data Analyst Web Server active on http://localhost:8080 (host=0.0.0.0)
[07/Oct/2026 13:54:25] "GET / HTTP/1.1" 200 -
[07/Oct/2026 13:54:25] "GET /app.js HTTP/1.1" 200 -
[07/Oct/2026 13:54:25] "GET /api/profile HTTP/1.1" 200 -
[07/Oct/2026 13:54:30] "GET / HTTP/1.1" 200 -
[07/Oct/2026 13:54:30] "GET /app.js HTTP/1.1" 200 -
[07/Oct/2026 13:54:30] "GET /api/profile HTTP/1.1" 200 -
[07/Oct/2026 13:54:30] "GET /favicon.ico HTTP/1.1" 404 -
[07/Oct/2026 13:54:51] "POST /api/upload HTTP/1.1" 200 -
[07/Oct/2026 13:54:51] "GET /api/profile HTTP/1.1" 200 -
[07/Oct/2026 13:56:33] "POST /api/chat HTTP/1.1" 200 -
